// Jest Snapshot v1, https://goo.gl/fbAQLP

exports[`Tab Navigator Render ReviewItemsNavigator 1`] = `
<mockConstructor
  screenOptions={[Function]}
>
  <mockConstructor
    component={
      {
        "$$typeof": Symbol(react.memo),
        "WrappedComponent": [Function],
        "compare": null,
        "type": [Function],
      }
    }
    name="HOME.HOME"
  />
  <mockConstructor
    component={[Function]}
    name="WORKLIST.WORKLIST"
  />
</mockConstructor>
`;

exports[`Tab Navigator Render ReviewItemsNavigator with user features 1`] = `
<mockConstructor
  screenOptions={[Function]}
>
  <mockConstructor
    component={
      {
        "$$typeof": Symbol(react.memo),
        "WrappedComponent": [Function],
        "compare": null,
        "type": [Function],
      }
    }
    name="HOME.HOME"
  />
  <mockConstructor
    component={[Function]}
    name="WORKLIST.WORKLIST"
  />
</mockConstructor>
`;

exports[`Tab Navigator Renders TabNavigatorStack with isBottomTabEnabled as true 1`] = `
<mockConstructor
  screenOptions={[Function]}
>
  <mockConstructor
    component={
      {
        "$$typeof": Symbol(react.memo),
        "WrappedComponent": [Function],
        "compare": null,
        "type": [Function],
      }
    }
    name="HOME.HOME"
  />
  <mockConstructor
    component={[Function]}
    name="WORKLIST.WORKLIST"
  />
</mockConstructor>
`;
