// Jest Snapshot v1, https://goo.gl/fbAQLP

exports[`ButtonTabCard Component Renders the Button Bottom Tab component 1`] = `
<View
  style={
    Array [
      Object {
        "alignContent": "center",
        "backgroundColor": "#ffffffff",
        "elevation": 10,
        "flexDirection": "row",
        "height": 80,
        "justifyContent": "space-evenly",
      },
      Object {
        "height": 80,
      },
    ]
  }
>
  <Button
    backgroundColor="#0071e9"
    disabled={false}
    height={45}
    onPress={[Function]}
    radius={5}
    style={
      Object {
        "alignSelf": "center",
        "width": "45%",
      }
    }
    title="LeftButtonTitle"
    titleColor="#0071e9"
    titleFontSize={16}
    titleFontWeight="normal"
    type={2}
    width={-1}
  />
  <Button
    backgroundColor="#0071e9"
    disabled={false}
    height={45}
    onPress={[Function]}
    radius={5}
    style={
      Object {
        "alignSelf": "center",
        "width": "45%",
      }
    }
    title="RightButtonTitle"
    titleColor="#ffffffff"
    titleFontSize={16}
    titleFontWeight="normal"
    type={1}
    width={-1}
  />
</View>
`;
