// Jest Snapshot v1, https://goo.gl/fbAQLP

exports[`AddPalletScreen Rendering Add pallet API responses Renders the success response from Add pallet API 1`] = `
<View
  style={
    {
      "alignItems": "flex-start",
      "backgroundColor": "#ffffffff",
      "flex": 1,
      "justifyContent": "flex-start",
      "paddingHorizontal": 15,
    }
  }
>
  <Text
    style={
      {
        "fontSize": 18,
        "fontWeight": "bold",
        "marginHorizontal": 5,
        "paddingTop": 5,
        "textAlign": "center",
        "width": "100%",
      }
    }
  >
    [missing "en.LOCATION.SECTION" translation] 1A-1
  </Text>
  <TextInput
    keyboardType="numeric"
    onChangeText={[Function]}
    onSubmitEditing={[Function]}
    placeholder="[missing "en.LOCATION.PALLET_PLACEHOLDER" translation]"
    selectionColor="#0071e9"
    style={
      {
        "borderRadius": 4,
        "borderWidth": 1,
        "marginTop": 10,
        "width": "100%",
      }
    }
    value="123456"
  />
  <Button
    backgroundColor="#0071e9"
    disabled={false}
    height={45}
    onPress={[Function]}
    radius={5}
    style={
      {
        "marginTop": 10,
        "width": "100%",
      }
    }
    title="[missing "en.GENERICS.SUBMIT" translation]"
    titleColor="#ffffffff"
    titleFontSize={16}
    titleFontWeight="normal"
    type={1}
    width={-1}
  />
</View>
`;

exports[`AddPalletScreen Rendering Add pallet API responses Renders the waiting for response from Add pallet API 1`] = `
<ActivityIndicator
  animating={true}
  color="#0071e9"
  hidesWhenStopped={true}
  size="large"
  style={
    {
      "alignItems": "center",
      "flex": 1,
      "justifyContent": "center",
    }
  }
/>
`;

exports[`AddPalletScreen Renders Enabled Submit button for pallet ID containing only numeric digits 1`] = `
<View
  style={
    {
      "alignItems": "flex-start",
      "backgroundColor": "#ffffffff",
      "flex": 1,
      "justifyContent": "flex-start",
      "paddingHorizontal": 15,
    }
  }
>
  <Text
    style={
      {
        "fontSize": 18,
        "fontWeight": "bold",
        "marginHorizontal": 5,
        "paddingTop": 5,
        "textAlign": "center",
        "width": "100%",
      }
    }
  >
    [missing "en.LOCATION.SECTION" translation] 1A-1
  </Text>
  <TextInput
    keyboardType="numeric"
    onChangeText={[Function]}
    onSubmitEditing={[Function]}
    placeholder="[missing "en.LOCATION.PALLET_PLACEHOLDER" translation]"
    selectionColor="#0071e9"
    style={
      {
        "borderRadius": 4,
        "borderWidth": 1,
        "marginTop": 10,
        "width": "100%",
      }
    }
    value="123456"
  />
  <Button
    backgroundColor="#0071e9"
    disabled={false}
    height={45}
    onPress={[Function]}
    radius={5}
    style={
      {
        "marginTop": 10,
        "width": "100%",
      }
    }
    title="[missing "en.GENERICS.SUBMIT" translation]"
    titleColor="#ffffffff"
    titleFontSize={16}
    titleFontWeight="normal"
    type={1}
    width={-1}
  />
</View>
`;

exports[`AddPalletScreen Renders Error for pallet ID containing non number digits 1`] = `
<View
  style={
    {
      "alignItems": "flex-start",
      "backgroundColor": "#ffffffff",
      "flex": 1,
      "justifyContent": "flex-start",
      "paddingHorizontal": 15,
    }
  }
>
  <Text
    style={
      {
        "fontSize": 18,
        "fontWeight": "bold",
        "marginHorizontal": 5,
        "paddingTop": 5,
        "textAlign": "center",
        "width": "100%",
      }
    }
  >
    [missing "en.LOCATION.SECTION" translation] 1A-1
  </Text>
  <TextInput
    keyboardType="numeric"
    onChangeText={[Function]}
    onSubmitEditing={[Function]}
    placeholder="[missing "en.LOCATION.PALLET_PLACEHOLDER" translation]"
    selectionColor="#0071e9"
    style={
      {
        "borderRadius": 4,
        "borderWidth": 1,
        "marginTop": 10,
        "width": "100%",
      }
    }
    value="123abc"
  />
  <View
    style={
      {
        "alignItems": "center",
        "flexDirection": "row",
        "justifyContent": "flex-start",
        "marginVertical": 10,
      }
    }
  >
    <mockConstructor
      color="#e57373"
      name="alert-circle"
      size={20}
    />
    <Text
      style={
        {
          "color": "#e57373",
          "fontSize": 12,
          "marginHorizontal": 5,
        }
      }
    >
      [missing "en.LOCATION.PALLET_VALIDATE_ERROR" translation]
    </Text>
  </View>
  <Button
    backgroundColor="#0071e9"
    disabled={true}
    height={45}
    onPress={[Function]}
    radius={5}
    style={
      {
        "marginTop": 10,
        "width": "100%",
      }
    }
    title="[missing "en.GENERICS.SUBMIT" translation]"
    titleColor="#ffffffff"
    titleFontSize={16}
    titleFontWeight="normal"
    type={1}
    width={-1}
  />
</View>
`;
