// Jest Snapshot v1, https://goo.gl/fbAQLP

exports[`LocationDetailsScreen Tests Locations Api Async State: Renders Delete Location Confirmation with Location Name  1`] = `
<React.Fragment>
  <CustomModalComponent
    animationType="none"
    isVisible={false}
    minHeight={150}
    modalType="Error"
    onClose={[Function]}
  >
    <React.Fragment>
      <Text
        style={
          Object {
            "fontSize": 18,
            "padding": 15,
            "textAlign": "center",
          }
        }
      >
        [missing "en.LOCATION.DELETE_CONFIRMATION" translation]A1-1
      </Text>
      <View
        style={
          Object {
            "alignContent": "space-around",
            "flexDirection": "row",
            "width": "100%",
          }
        }
      >
        <Button
          backgroundColor="#0071e9"
          disabled={false}
          height={45}
          onPress={[Function]}
          radius={5}
          style={
            Object {
              "flex": 1,
              "paddingHorizontal": 10,
            }
          }
          title="[missing \\"en.GENERICS.CANCEL\\" translation]"
          titleColor="#ffffffff"
          titleFontSize={16}
          titleFontWeight="normal"
          type={1}
          width={-1}
        />
        <Button
          backgroundColor="#D6512D"
          disabled={false}
          height={45}
          onPress={[Function]}
          radius={5}
          style={
            Object {
              "flex": 1,
              "paddingHorizontal": 10,
            }
          }
          title="[missing \\"en.GENERICS.OK\\" translation]"
          titleColor="#ffffffff"
          titleFontSize={16}
          titleFontWeight="normal"
          type={1}
          width={-1}
        />
      </View>
    </React.Fragment>
  </CustomModalComponent>
  <ScrollView>
    <View
      style={
        Object {
          "alignContent": "center",
          "backgroundColor": "#e0e0e0",
          "height": 70,
          "justifyContent": "center",
          "padding": 10,
          "width": "100%",
        }
      }
    >
      <Text
        style={
          Object {
            "fontWeight": "bold",
          }
        }
      >
        [missing "en.LOCATION.FLOOR" translation] (0)
      </Text>
    </View>
    <React.Fragment />
    <View
      style={
        Object {
          "alignContent": "center",
          "backgroundColor": "#e0e0e0",
          "height": 70,
          "justifyContent": "center",
          "padding": 10,
          "width": "100%",
        }
      }
    >
      <Text
        style={
          Object {
            "fontWeight": "bold",
          }
        }
      >
        [missing "en.LOCATION.RESERVE" translation] (0)
      </Text>
    </View>
    <React.Fragment />
  </ScrollView>
  <View
    style={
      Object {
        "flex": 1,
        "justifyContent": "flex-end",
        "width": "100%",
      }
    }
  >
    <View
      style={
        Object {
          "alignSelf": "flex-end",
        }
      }
    >
      <IconButton
        backgroundColor="#0071e9"
        disabled={false}
        height={60}
        icon={
          <mockConstructor
            color="#ffffffff"
            name="plus"
            size={25}
          />
        }
        onPress={[Function]}
        radius={100}
        style={
          Object {
            "marginHorizontal": 30,
            "marginVertical": 25,
          }
        }
        type={1}
        width={60}
      />
    </View>
  </View>
</React.Fragment>
`;

exports[`LocationDetailsScreen Tests Locations Api Async State: Renders Delete Location Error 'Retry'  1`] = `
<React.Fragment>
  <CustomModalComponent
    animationType="none"
    isVisible={false}
    minHeight={150}
    modalType="Error"
    onClose={[Function]}
  >
    <React.Fragment>
      <Text
        style={
          Object {
            "fontSize": 18,
            "padding": 15,
            "textAlign": "center",
          }
        }
      >
        [missing "en.LOCATION.DELETE_LOCATION_API_ERROR" translation]
      </Text>
      <View
        style={
          Object {
            "alignContent": "space-around",
            "flexDirection": "row",
            "width": "100%",
          }
        }
      >
        <Button
          backgroundColor="#0071e9"
          disabled={false}
          height={45}
          onPress={[Function]}
          radius={5}
          style={
            Object {
              "flex": 1,
              "paddingHorizontal": 10,
            }
          }
          title="[missing \\"en.GENERICS.CANCEL\\" translation]"
          titleColor="#ffffffff"
          titleFontSize={16}
          titleFontWeight="normal"
          type={1}
          width={-1}
        />
        <Button
          backgroundColor="#D6512D"
          disabled={false}
          height={45}
          onPress={[Function]}
          radius={5}
          style={
            Object {
              "flex": 1,
              "paddingHorizontal": 10,
            }
          }
          title="[missing \\"en.GENERICS.RETRY\\" translation]"
          titleColor="#ffffffff"
          titleFontSize={16}
          titleFontWeight="normal"
          type={1}
          width={-1}
        />
      </View>
    </React.Fragment>
  </CustomModalComponent>
  <ScrollView>
    <View
      style={
        Object {
          "alignContent": "center",
          "backgroundColor": "#e0e0e0",
          "height": 70,
          "justifyContent": "center",
          "padding": 10,
          "width": "100%",
        }
      }
    >
      <Text
        style={
          Object {
            "fontWeight": "bold",
          }
        }
      >
        [missing "en.LOCATION.FLOOR" translation] (0)
      </Text>
    </View>
    <React.Fragment />
    <View
      style={
        Object {
          "alignContent": "center",
          "backgroundColor": "#e0e0e0",
          "height": 70,
          "justifyContent": "center",
          "padding": 10,
          "width": "100%",
        }
      }
    >
      <Text
        style={
          Object {
            "fontWeight": "bold",
          }
        }
      >
        [missing "en.LOCATION.RESERVE" translation] (0)
      </Text>
    </View>
    <React.Fragment />
  </ScrollView>
  <View
    style={
      Object {
        "flex": 1,
        "justifyContent": "flex-end",
        "width": "100%",
      }
    }
  >
    <View
      style={
        Object {
          "alignSelf": "flex-end",
        }
      }
    >
      <IconButton
        backgroundColor="#0071e9"
        disabled={false}
        height={60}
        icon={
          <mockConstructor
            color="#ffffffff"
            name="plus"
            size={25}
          />
        }
        onPress={[Function]}
        radius={100}
        style={
          Object {
            "marginHorizontal": 30,
            "marginVertical": 25,
          }
        }
        type={1}
        width={60}
      />
    </View>
  </View>
</React.Fragment>
`;

exports[`LocationDetailsScreen Tests Locations Api Async State: Renders Loader when waiting for a response from getLocation 1`] = `
<ActivityIndicator
  animating={true}
  color="#0071e9"
  hidesWhenStopped={true}
  size="large"
  style={
    Object {
      "alignItems": "center",
      "justifyContent": "center",
    }
  }
/>
`;

exports[`LocationDetailsScreen Tests Locations Api Async State: Renders Loader when waiting for a response from getLocationV1 1`] = `
<React.Fragment>
  <CustomModalComponent
    animationType="none"
    isVisible={false}
    minHeight={150}
    modalType="Error"
    onClose={[Function]}
  >
    <React.Fragment>
      <Text
        style={
          Object {
            "fontSize": 18,
            "padding": 15,
            "textAlign": "center",
          }
        }
      >
        [missing "en.LOCATION.DELETE_CONFIRMATION" translation]
      </Text>
      <View
        style={
          Object {
            "alignContent": "space-around",
            "flexDirection": "row",
            "width": "100%",
          }
        }
      >
        <Button
          backgroundColor="#0071e9"
          disabled={false}
          height={45}
          onPress={[Function]}
          radius={5}
          style={
            Object {
              "flex": 1,
              "paddingHorizontal": 10,
            }
          }
          title="[missing \\"en.GENERICS.CANCEL\\" translation]"
          titleColor="#ffffffff"
          titleFontSize={16}
          titleFontWeight="normal"
          type={1}
          width={-1}
        />
        <Button
          backgroundColor="#D6512D"
          disabled={false}
          height={45}
          onPress={[Function]}
          radius={5}
          style={
            Object {
              "flex": 1,
              "paddingHorizontal": 10,
            }
          }
          title="[missing \\"en.GENERICS.OK\\" translation]"
          titleColor="#ffffffff"
          titleFontSize={16}
          titleFontWeight="normal"
          type={1}
          width={-1}
        />
      </View>
    </React.Fragment>
  </CustomModalComponent>
  <ScrollView>
    <View
      style={
        Object {
          "alignContent": "center",
          "backgroundColor": "#e0e0e0",
          "height": 70,
          "justifyContent": "center",
          "padding": 10,
          "width": "100%",
        }
      }
    >
      <Text
        style={
          Object {
            "fontWeight": "bold",
          }
        }
      >
        [missing "en.LOCATION.FLOOR" translation] (0)
      </Text>
    </View>
    <React.Fragment />
    <View
      style={
        Object {
          "alignContent": "center",
          "backgroundColor": "#e0e0e0",
          "height": 70,
          "justifyContent": "center",
          "padding": 10,
          "width": "100%",
        }
      }
    >
      <Text
        style={
          Object {
            "fontWeight": "bold",
          }
        }
      >
        [missing "en.LOCATION.RESERVE" translation] (0)
      </Text>
    </View>
    <React.Fragment />
  </ScrollView>
  <View
    style={
      Object {
        "flex": 1,
        "justifyContent": "flex-end",
        "width": "100%",
      }
    }
  >
    <View
      style={
        Object {
          "alignSelf": "flex-end",
        }
      }
    >
      <IconButton
        backgroundColor="#0071e9"
        disabled={false}
        height={60}
        icon={
          <mockConstructor
            color="#ffffffff"
            name="plus"
            size={25}
          />
        }
        onPress={[Function]}
        radius={100}
        style={
          Object {
            "marginHorizontal": 30,
            "marginVertical": 25,
          }
        }
        type={1}
        width={60}
      />
    </View>
  </View>
</React.Fragment>
`;

exports[`LocationDetailsScreen Tests Locations Api Async State: Renders Loader when waiting for a response to Delete a Location 1`] = `
<React.Fragment>
  <CustomModalComponent
    animationType="none"
    isVisible={false}
    minHeight={150}
    modalType="Error"
    onClose={[Function]}
  >
    <ActivityIndicator
      animating={true}
      color="#0071e9"
      hidesWhenStopped={true}
      size="large"
      style={
        Object {
          "alignItems": "center",
          "justifyContent": "center",
        }
      }
    />
  </CustomModalComponent>
  <ScrollView>
    <View
      style={
        Object {
          "alignContent": "center",
          "backgroundColor": "#e0e0e0",
          "height": 70,
          "justifyContent": "center",
          "padding": 10,
          "width": "100%",
        }
      }
    >
      <Text
        style={
          Object {
            "fontWeight": "bold",
          }
        }
      >
        [missing "en.LOCATION.FLOOR" translation] (0)
      </Text>
    </View>
    <React.Fragment />
    <View
      style={
        Object {
          "alignContent": "center",
          "backgroundColor": "#e0e0e0",
          "height": 70,
          "justifyContent": "center",
          "padding": 10,
          "width": "100%",
        }
      }
    >
      <Text
        style={
          Object {
            "fontWeight": "bold",
          }
        }
      >
        [missing "en.LOCATION.RESERVE" translation] (0)
      </Text>
    </View>
    <React.Fragment />
  </ScrollView>
  <View
    style={
      Object {
        "flex": 1,
        "justifyContent": "flex-end",
        "width": "100%",
      }
    }
  >
    <View
      style={
        Object {
          "alignSelf": "flex-end",
        }
      }
    >
      <IconButton
        backgroundColor="#0071e9"
        disabled={false}
        height={60}
        icon={
          <mockConstructor
            color="#ffffffff"
            name="plus"
            size={25}
          />
        }
        onPress={[Function]}
        radius={100}
        style={
          Object {
            "marginHorizontal": 30,
            "marginVertical": 25,
          }
        }
        type={1}
        width={60}
      />
    </View>
  </View>
</React.Fragment>
`;

exports[`LocationDetailsScreen Tests Locations Api Async State: Renders the Delete Confirmation Modal (isVisible should be set to true) 1`] = `
<React.Fragment>
  <CustomModalComponent
    animationType="none"
    isVisible={true}
    minHeight={150}
    modalType="Error"
    onClose={[Function]}
  >
    <React.Fragment>
      <Text
        style={
          Object {
            "fontSize": 18,
            "padding": 15,
            "textAlign": "center",
          }
        }
      >
        [missing "en.LOCATION.DELETE_CONFIRMATION" translation]
      </Text>
      <View
        style={
          Object {
            "alignContent": "space-around",
            "flexDirection": "row",
            "width": "100%",
          }
        }
      >
        <Button
          backgroundColor="#0071e9"
          disabled={false}
          height={45}
          onPress={[Function]}
          radius={5}
          style={
            Object {
              "flex": 1,
              "paddingHorizontal": 10,
            }
          }
          title="[missing \\"en.GENERICS.CANCEL\\" translation]"
          titleColor="#ffffffff"
          titleFontSize={16}
          titleFontWeight="normal"
          type={1}
          width={-1}
        />
        <Button
          backgroundColor="#D6512D"
          disabled={false}
          height={45}
          onPress={[Function]}
          radius={5}
          style={
            Object {
              "flex": 1,
              "paddingHorizontal": 10,
            }
          }
          title="[missing \\"en.GENERICS.OK\\" translation]"
          titleColor="#ffffffff"
          titleFontSize={16}
          titleFontWeight="normal"
          type={1}
          width={-1}
        />
      </View>
    </React.Fragment>
  </CustomModalComponent>
  <ScrollView>
    <View
      style={
        Object {
          "alignContent": "center",
          "backgroundColor": "#e0e0e0",
          "height": 70,
          "justifyContent": "center",
          "padding": 10,
          "width": "100%",
        }
      }
    >
      <Text
        style={
          Object {
            "fontWeight": "bold",
          }
        }
      >
        [missing "en.LOCATION.FLOOR" translation] (0)
      </Text>
    </View>
    <React.Fragment />
    <View
      style={
        Object {
          "alignContent": "center",
          "backgroundColor": "#e0e0e0",
          "height": 70,
          "justifyContent": "center",
          "padding": 10,
          "width": "100%",
        }
      }
    >
      <Text
        style={
          Object {
            "fontWeight": "bold",
          }
        }
      >
        [missing "en.LOCATION.RESERVE" translation] (0)
      </Text>
    </View>
    <React.Fragment />
  </ScrollView>
  <View
    style={
      Object {
        "flex": 1,
        "justifyContent": "flex-end",
        "width": "100%",
      }
    }
  >
    <View
      style={
        Object {
          "alignSelf": "flex-end",
        }
      }
    >
      <IconButton
        backgroundColor="#0071e9"
        disabled={false}
        height={60}
        icon={
          <mockConstructor
            color="#ffffffff"
            name="plus"
            size={25}
          />
        }
        onPress={[Function]}
        radius={100}
        style={
          Object {
            "marginHorizontal": 30,
            "marginVertical": 25,
          }
        }
        type={1}
        width={60}
      />
    </View>
  </View>
</React.Fragment>
`;

exports[`LocationDetailsScreen Tests for rendering an item's Locations: Renders a List of (1) Reserve location with (0) Floor locations 1`] = `
<React.Fragment>
  <CustomModalComponent
    animationType="none"
    isVisible={false}
    minHeight={150}
    modalType="Error"
    onClose={[Function]}
  >
    <React.Fragment>
      <Text
        style={
          Object {
            "fontSize": 18,
            "padding": 15,
            "textAlign": "center",
          }
        }
      >
        [missing "en.LOCATION.DELETE_CONFIRMATION" translation]
      </Text>
      <View
        style={
          Object {
            "alignContent": "space-around",
            "flexDirection": "row",
            "width": "100%",
          }
        }
      >
        <Button
          backgroundColor="#0071e9"
          disabled={false}
          height={45}
          onPress={[Function]}
          radius={5}
          style={
            Object {
              "flex": 1,
              "paddingHorizontal": 10,
            }
          }
          title="[missing \\"en.GENERICS.CANCEL\\" translation]"
          titleColor="#ffffffff"
          titleFontSize={16}
          titleFontWeight="normal"
          type={1}
          width={-1}
        />
        <Button
          backgroundColor="#D6512D"
          disabled={false}
          height={45}
          onPress={[Function]}
          radius={5}
          style={
            Object {
              "flex": 1,
              "paddingHorizontal": 10,
            }
          }
          title="[missing \\"en.GENERICS.OK\\" translation]"
          titleColor="#ffffffff"
          titleFontSize={16}
          titleFontWeight="normal"
          type={1}
          width={-1}
        />
      </View>
    </React.Fragment>
  </CustomModalComponent>
  <ScrollView>
    <View
      style={
        Object {
          "alignContent": "center",
          "backgroundColor": "#e0e0e0",
          "height": 70,
          "justifyContent": "center",
          "padding": 10,
          "width": "100%",
        }
      }
    >
      <Text
        style={
          Object {
            "fontWeight": "bold",
          }
        }
      >
        [missing "en.LOCATION.FLOOR" translation] (0)
      </Text>
    </View>
    <React.Fragment />
    <View
      style={
        Object {
          "alignContent": "center",
          "backgroundColor": "#e0e0e0",
          "height": 70,
          "justifyContent": "center",
          "padding": 10,
          "width": "100%",
        }
      }
    >
      <Text
        style={
          Object {
            "fontWeight": "bold",
          }
        }
      >
        [missing "en.LOCATION.RESERVE" translation] (1)
      </Text>
    </View>
    <React.Fragment>
      <locationDetailsCard
        deleteAction={[Function]}
        editAction={[Function]}
        locationName="A1-1"
        locationType="Reserve"
      />
    </React.Fragment>
  </ScrollView>
  <View
    style={
      Object {
        "flex": 1,
        "justifyContent": "flex-end",
        "width": "100%",
      }
    }
  >
    <View
      style={
        Object {
          "alignSelf": "flex-end",
        }
      }
    >
      <IconButton
        backgroundColor="#0071e9"
        disabled={false}
        height={60}
        icon={
          <mockConstructor
            color="#ffffffff"
            name="plus"
            size={25}
          />
        }
        onPress={[Function]}
        radius={100}
        style={
          Object {
            "marginHorizontal": 30,
            "marginVertical": 25,
          }
        }
        type={1}
        width={60}
      />
    </View>
  </View>
</React.Fragment>
`;

exports[`LocationDetailsScreen Tests for rendering an item's Locations: Renders a List of (2) Floor locations with (0) Reserve locations 1`] = `
<React.Fragment>
  <CustomModalComponent
    animationType="none"
    isVisible={false}
    minHeight={150}
    modalType="Error"
    onClose={[Function]}
  >
    <React.Fragment>
      <Text
        style={
          Object {
            "fontSize": 18,
            "padding": 15,
            "textAlign": "center",
          }
        }
      >
        [missing "en.LOCATION.DELETE_CONFIRMATION" translation]
      </Text>
      <View
        style={
          Object {
            "alignContent": "space-around",
            "flexDirection": "row",
            "width": "100%",
          }
        }
      >
        <Button
          backgroundColor="#0071e9"
          disabled={false}
          height={45}
          onPress={[Function]}
          radius={5}
          style={
            Object {
              "flex": 1,
              "paddingHorizontal": 10,
            }
          }
          title="[missing \\"en.GENERICS.CANCEL\\" translation]"
          titleColor="#ffffffff"
          titleFontSize={16}
          titleFontWeight="normal"
          type={1}
          width={-1}
        />
        <Button
          backgroundColor="#D6512D"
          disabled={false}
          height={45}
          onPress={[Function]}
          radius={5}
          style={
            Object {
              "flex": 1,
              "paddingHorizontal": 10,
            }
          }
          title="[missing \\"en.GENERICS.OK\\" translation]"
          titleColor="#ffffffff"
          titleFontSize={16}
          titleFontWeight="normal"
          type={1}
          width={-1}
        />
      </View>
    </React.Fragment>
  </CustomModalComponent>
  <ScrollView>
    <View
      style={
        Object {
          "alignContent": "center",
          "backgroundColor": "#e0e0e0",
          "height": 70,
          "justifyContent": "center",
          "padding": 10,
          "width": "100%",
        }
      }
    >
      <Text
        style={
          Object {
            "fontWeight": "bold",
          }
        }
      >
        [missing "en.LOCATION.FLOOR" translation] (2)
      </Text>
    </View>
    <React.Fragment>
      <locationDetailsCard
        deleteAction={[Function]}
        editAction={[Function]}
        locationName="A1-2"
        locationType="Sales Floor"
      />
      <locationDetailsCard
        deleteAction={[Function]}
        editAction={[Function]}
        locationName="A1-3"
        locationType="End Cap"
      />
    </React.Fragment>
    <View
      style={
        Object {
          "alignContent": "center",
          "backgroundColor": "#e0e0e0",
          "height": 70,
          "justifyContent": "center",
          "padding": 10,
          "width": "100%",
        }
      }
    >
      <Text
        style={
          Object {
            "fontWeight": "bold",
          }
        }
      >
        [missing "en.LOCATION.RESERVE" translation] (0)
      </Text>
    </View>
    <React.Fragment />
  </ScrollView>
  <View
    style={
      Object {
        "flex": 1,
        "justifyContent": "flex-end",
        "width": "100%",
      }
    }
  >
    <View
      style={
        Object {
          "alignSelf": "flex-end",
        }
      }
    >
      <IconButton
        backgroundColor="#0071e9"
        disabled={false}
        height={60}
        icon={
          <mockConstructor
            color="#ffffffff"
            name="plus"
            size={25}
          />
        }
        onPress={[Function]}
        radius={100}
        style={
          Object {
            "marginHorizontal": 30,
            "marginVertical": 25,
          }
        }
        type={1}
        width={60}
      />
    </View>
  </View>
</React.Fragment>
`;

exports[`LocationDetailsScreen Tests for rendering an item's Locations: Renders a List of Floor & Reserve Locations 1`] = `
<React.Fragment>
  <CustomModalComponent
    animationType="none"
    isVisible={false}
    minHeight={150}
    modalType="Error"
    onClose={[Function]}
  >
    <React.Fragment>
      <Text
        style={
          Object {
            "fontSize": 18,
            "padding": 15,
            "textAlign": "center",
          }
        }
      >
        [missing "en.LOCATION.DELETE_CONFIRMATION" translation]
      </Text>
      <View
        style={
          Object {
            "alignContent": "space-around",
            "flexDirection": "row",
            "width": "100%",
          }
        }
      >
        <Button
          backgroundColor="#0071e9"
          disabled={false}
          height={45}
          onPress={[Function]}
          radius={5}
          style={
            Object {
              "flex": 1,
              "paddingHorizontal": 10,
            }
          }
          title="[missing \\"en.GENERICS.CANCEL\\" translation]"
          titleColor="#ffffffff"
          titleFontSize={16}
          titleFontWeight="normal"
          type={1}
          width={-1}
        />
        <Button
          backgroundColor="#D6512D"
          disabled={false}
          height={45}
          onPress={[Function]}
          radius={5}
          style={
            Object {
              "flex": 1,
              "paddingHorizontal": 10,
            }
          }
          title="[missing \\"en.GENERICS.OK\\" translation]"
          titleColor="#ffffffff"
          titleFontSize={16}
          titleFontWeight="normal"
          type={1}
          width={-1}
        />
      </View>
    </React.Fragment>
  </CustomModalComponent>
  <ScrollView>
    <View
      style={
        Object {
          "alignContent": "center",
          "backgroundColor": "#e0e0e0",
          "height": 70,
          "justifyContent": "center",
          "padding": 10,
          "width": "100%",
        }
      }
    >
      <Text
        style={
          Object {
            "fontWeight": "bold",
          }
        }
      >
        [missing "en.LOCATION.FLOOR" translation] (2)
      </Text>
    </View>
    <React.Fragment>
      <locationDetailsCard
        deleteAction={[Function]}
        editAction={[Function]}
        locationName="A1-2"
        locationType="Sales Floor"
      />
      <locationDetailsCard
        deleteAction={[Function]}
        editAction={[Function]}
        locationName="A1-3"
        locationType="End Cap"
      />
    </React.Fragment>
    <View
      style={
        Object {
          "alignContent": "center",
          "backgroundColor": "#e0e0e0",
          "height": 70,
          "justifyContent": "center",
          "padding": 10,
          "width": "100%",
        }
      }
    >
      <Text
        style={
          Object {
            "fontWeight": "bold",
          }
        }
      >
        [missing "en.LOCATION.RESERVE" translation] (1)
      </Text>
    </View>
    <React.Fragment>
      <locationDetailsCard
        deleteAction={[Function]}
        editAction={[Function]}
        locationName="A1-1"
        locationType="Reserve"
      />
    </React.Fragment>
  </ScrollView>
  <View
    style={
      Object {
        "flex": 1,
        "justifyContent": "flex-end",
        "width": "100%",
      }
    }
  >
    <View
      style={
        Object {
          "alignSelf": "flex-end",
        }
      }
    >
      <IconButton
        backgroundColor="#0071e9"
        disabled={false}
        height={60}
        icon={
          <mockConstructor
            color="#ffffffff"
            name="plus"
            size={25}
          />
        }
        onPress={[Function]}
        radius={100}
        style={
          Object {
            "marginHorizontal": 30,
            "marginVertical": 25,
          }
        }
        type={1}
        width={60}
      />
    </View>
  </View>
</React.Fragment>
`;

exports[`LocationDetailsScreen Tests for rendering an item's Locations: Renders a default of (0) Floor & Reserve Locations 1`] = `
<React.Fragment>
  <CustomModalComponent
    animationType="none"
    isVisible={false}
    minHeight={150}
    modalType="Error"
    onClose={[Function]}
  >
    <React.Fragment>
      <Text
        style={
          Object {
            "fontSize": 18,
            "padding": 15,
            "textAlign": "center",
          }
        }
      >
        [missing "en.LOCATION.DELETE_CONFIRMATION" translation]
      </Text>
      <View
        style={
          Object {
            "alignContent": "space-around",
            "flexDirection": "row",
            "width": "100%",
          }
        }
      >
        <Button
          backgroundColor="#0071e9"
          disabled={false}
          height={45}
          onPress={[Function]}
          radius={5}
          style={
            Object {
              "flex": 1,
              "paddingHorizontal": 10,
            }
          }
          title="[missing \\"en.GENERICS.CANCEL\\" translation]"
          titleColor="#ffffffff"
          titleFontSize={16}
          titleFontWeight="normal"
          type={1}
          width={-1}
        />
        <Button
          backgroundColor="#D6512D"
          disabled={false}
          height={45}
          onPress={[Function]}
          radius={5}
          style={
            Object {
              "flex": 1,
              "paddingHorizontal": 10,
            }
          }
          title="[missing \\"en.GENERICS.OK\\" translation]"
          titleColor="#ffffffff"
          titleFontSize={16}
          titleFontWeight="normal"
          type={1}
          width={-1}
        />
      </View>
    </React.Fragment>
  </CustomModalComponent>
  <ScrollView>
    <View
      style={
        Object {
          "alignContent": "center",
          "backgroundColor": "#e0e0e0",
          "height": 70,
          "justifyContent": "center",
          "padding": 10,
          "width": "100%",
        }
      }
    >
      <Text
        style={
          Object {
            "fontWeight": "bold",
          }
        }
      >
        [missing "en.LOCATION.FLOOR" translation] (0)
      </Text>
    </View>
    <React.Fragment />
    <View
      style={
        Object {
          "alignContent": "center",
          "backgroundColor": "#e0e0e0",
          "height": 70,
          "justifyContent": "center",
          "padding": 10,
          "width": "100%",
        }
      }
    >
      <Text
        style={
          Object {
            "fontWeight": "bold",
          }
        }
      >
        [missing "en.LOCATION.RESERVE" translation] (0)
      </Text>
    </View>
    <React.Fragment />
  </ScrollView>
  <View
    style={
      Object {
        "flex": 1,
        "justifyContent": "flex-end",
        "width": "100%",
      }
    }
  >
    <View
      style={
        Object {
          "alignSelf": "flex-end",
        }
      }
    >
      <IconButton
        backgroundColor="#0071e9"
        disabled={false}
        height={60}
        icon={
          <mockConstructor
            color="#ffffffff"
            name="plus"
            size={25}
          />
        }
        onPress={[Function]}
        radius={100}
        style={
          Object {
            "marginHorizontal": 30,
            "marginVertical": 25,
          }
        }
        type={1}
        width={60}
      />
    </View>
  </View>
</React.Fragment>
`;
