// Jest Snapshot v1, https://goo.gl/fbAQLP

exports[`Zone List Renders Zone Screen 1`] = `
<React.Fragment>
  <View
    style={
      Object {
        "backgroundColor": "#fcfcfc",
        "borderBottomColor": "#dbdbdb",
        "borderBottomWidth": 2,
        "marginHorizontal": 0,
        "padding": 14,
        "zIndex": 2,
      }
    }
  >
    <Text>
      CLUB 
      5522
    </Text>
  </View>
  <FlatList
    data={
      Array [
        Object {
          "aisles": 4,
          "category": "B - Backroom",
          "code": "B",
          "id": 1,
        },
        Object {
          "aisles": 2,
          "category": "C - Center",
          "code": "C",
          "id": 2,
        },
        Object {
          "aisles": 6,
          "category": "Electronics",
          "code": "E",
          "id": 3,
        },
        Object {
          "aisles": 5,
          "category": "Fresh Bakery",
          "code": "FB",
          "id": 4,
        },
        Object {
          "aisles": 4,
          "category": "Fresh Cafe",
          "code": "FC",
          "id": 4,
        },
        Object {
          "aisles": 2,
          "category": "Fresh Freezer/Cooler",
          "code": "FF",
          "id": 5,
        },
        Object {
          "aisles": 6,
          "category": "Fresh Meat, HMS & Deli",
          "code": "FM",
          "id": 6,
        },
        Object {
          "aisles": 5,
          "category": "FB - Fresh Produce",
          "code": "FP",
          "id": 7,
        },
      ]
    }
    disableVirtualization={false}
    horizontal={false}
    initialNumToRender={10}
    keyExtractor={[Function]}
    maxToRenderPerBatch={10}
    numColumns={1}
    onEndReachedThreshold={2}
    removeClippedSubviews={false}
    renderItem={[Function]}
    scrollEventThrottle={50}
    updateCellsBatchingPeriod={50}
    windowSize={21}
  />
</React.Fragment>
`;
