// Jest Snapshot v1, https://goo.gl/fbAQLP

exports[`MissingPalletWorklist Navigator Renders the Missing Pallet Worklist navigator component 1`] = `
<MaterialTopTabNavigator
  initialRouteName="ToDo"
  screenOptions={
    Object {
      "tabBarActiveTintColor": "#ffffffff",
      "tabBarIndicatorStyle": Object {
        "backgroundColor": "#ffffffff",
      },
      "tabBarStyle": Object {
        "backgroundColor": "#0071e9",
      },
    }
  }
>
  <Screen
    listeners={
      Object {
        "focus": [Function],
      }
    }
    name="[missing \\"en.WORKLIST.TODO\\" translation]"
  >
    [Function]
  </Screen>
  <Screen
    listeners={
      Object {
        "focus": [Function],
      }
    }
    name="[missing \\"en.WORKLIST.COMPLETED\\" translation]"
  >
    [Function]
  </Screen>
</MaterialTopTabNavigator>
`;
